f_denoise__1_denoise = false
f_initKMeans__1_initKMeans = false
f_kMeans__1_kMeans = false
f_read__1_read_color = false
f_read__1_read_grayscale = false
f_read__1_read_unchanged = false

$^denoise = (:"initKMeans": {"K": int, "img": "std::vector<class std::vector<double, class std::allocator<double> >, class std::allocator<class std::vector<double, class std::allocator<double> > >>"}, "read_color": {"K": int, "depth": int, "fname": "std::basic_string<char, struct std::char_traits<char>, class std::allocator<char>>"}:)
$^initKMeans = (:"initKMeans": {"K": int, "img": "std::vector<class std::vector<double, class std::allocator<double> >, class std::allocator<class std::vector<double, class std::allocator<double> > >>"}, "read_color": {"K": int, "depth": int, "fname": "std::basic_string<char, struct std::char_traits<char>, class std::allocator<char>>"}:)
$^kMeans = (:"initKMeans": {"K": int, "img": "std::vector<class std::vector<double, class std::allocator<double> >, class std::allocator<class std::vector<double, class std::allocator<double> > >>"}, "read_color": {"K": int, "depth": int, "fname": "std::basic_string<char, struct std::char_traits<char>, class std::allocator<char>>"}:)
$^read = (:"initKMeans": {"K": int, "img": "std::vector<class std::vector<double, class std::allocator<double> >, class std::allocator<class std::vector<double, class std::allocator<double> > >>"}, "read_color": {"K": int, "depth": int, "fname": "std::basic_string<char, struct std::char_traits<char>, class std::allocator<char>>"}:)
$__1_denoise = nil
$__1_denoise_error = nil
$__1_denoise_send_img = nil
$__1_initKMeans = nil
$__1_initKMeans_error = nil
$__1_initKMeans_kMeans = nil
$__1_kMeans = nil
$__1_kMeans_error = nil
$__1_kMeans_loop = nil
$__1_kMeans_result = nil
$__1_read_color = nil
$__1_read_color_1_read_grayscale_1_read_unchanged_error = nil
$__1_read_color_1_read_grayscale_1_read_unchanged_send_img = nil
$__1_read_grayscale = nil
$__1_read_unchanged = nil
